<html>
<body>
<pre>
<h1>µVision Build Log</h1>
<h2>Project:</h2>
D:\EXPLORE\workspace\Coding\Free_Rtos\ArmLpc1768_FreeRtos\RTOS_02\RTOS_02.uvproj
Project File Date:  04/07/2015

<h2>Output:</h2>
Build target 'Target 1'
compiling heap_1.c...
compiling list.c...
compiling main.c...
compiling port.c...
compiling queue.c...
compiling system_LPC17xx.c...
compiling tasks.c...
compiling timers.c...
compiling uart.c...
assembling startup_LPC17xx.s...
linking...
Program Size: Code=8364 RO-data=236 RW-data=84 ZI-data=4956  
"RTOS_02.axf" - 0 Error(s), 0 Warning(s).
