<html>
<body>
<pre>
<h1>µVision Build Log</h1>
<h2>Project:</h2>
D:\EXPLORE\workspace\Coding\Free_Rtos\ArmLpc1768_FreeRtos\RTOS_16\RTOS_16.uvproj
Project File Date:  04/23/2015

<h2>Output:</h2>
Build target 'Target 1'
compiling heap_1.c...
compiling list.c...
compiling main.c...
main.c(78): warning:  #111-D: statement is unreachable
main.c:         return 0;
main.c:         ^
main.c: main.c: 1 warning, 0 errors
compiling port.c...
compiling queue.c...
compiling system_LPC17xx.c...
compiling tasks.c...
compiling timers.c...
compiling uart.c...
assembling startup_LPC17xx.s...
linking...
Program Size: Code=10380 RO-data=236 RW-data=88 ZI-data=4952  
"RTOS_16.axf" - 0 Error(s), 1 Warning(s).
