<html>
<body>
<pre>
<h1>µVision Build Log</h1>
<h2>Project:</h2>
D:\EXPLORE\workspace\Coding\Free_Rtos\ArmLpc1768_FreeRtos\RTOS_14\RTOS_14.uvproj
Project File Date:  04/23/2015

<h2>Output:</h2>
Build target 'Target 1'
assembling startup_LPC17xx.s...
compiling heap_1.c...
compiling list.c...
compiling main.c...
compiling port.c...
compiling queue.c...
compiling system_LPC17xx.c...
compiling tasks.c...
compiling timers.c...
compiling uart.c...
linking...
Program Size: Code=10320 RO-data=236 RW-data=88 ZI-data=4952  
"RTOS_14.axf" - 0 Error(s), 0 Warning(s).
Build target 'Target 1'
assembling startup_LPC17xx.s...
compiling heap_1.c...
compiling list.c...
compiling main.c...
compiling port.c...
compiling queue.c...
compiling system_LPC17xx.c...
compiling tasks.c...
compiling timers.c...
compiling uart.c...
linking...
Program Size: Code=10320 RO-data=236 RW-data=88 ZI-data=4952  
FromELF: creating hex file...
"RTOS_14.axf" - 0 Error(s), 0 Warning(s).
